// Jest Snapshot v1, https://goo.gl/fbAQLP

exports[`renders correctly 1`] = `
<View
  style={
    Array [
      Object {
        "flex": 0,
        "flexDirection": "row",
        "paddingBottom": 15,
      },
    ]
  }
>
  <View>
    <View
      activeOpacity={0.7}
      onLongPress={undefined}
      onPress={undefined}
      style={
        Array [
          Object {
            "backgroundColor": "transparent",
            "height": 75,
            "paddingBottom": 10,
            "paddingRight": 10,
            "paddingTop": 10,
            "width": 75,
          },
          Object {
            "borderRadius": 37.5,
          },
          undefined,
        ]
      }
    >
      <View
        style={
          Array [
            Object {
              "alignItems": "center",
              "alignSelf": "stretch",
              "backgroundColor": "rgba(0,0,0,0.2)",
              "bottom": 0,
              "flex": 1,
              "justifyContent": "center",
              "left": 0,
              "position": "absolute",
              "right": 0,
              "top": 0,
            },
            Object {
              "borderRadius": 37.5,
            },
            undefined,
          ]
        }
      >
        <Image
          source={
            Object {
              "uri": "https://avatars0.githubusercontent.com/u/39191?v=4",
            }
          }
          style={
            Array [
              Object {
                "height": 75,
                "width": 75,
              },
              Object {
                "borderRadius": 37.5,
              },
              undefined,
            ]
          }
        />
      </View>
    </View>
    <View
      style={
        Array [
          undefined,
        ]
      }
    >
      <View
        onPress={undefined}
        style={
          Array [
            Object {
              "alignItems": "center",
              "backgroundColor": "#43484d",
              "borderRadius": 20,
              "justifyContent": "center",
              "padding": 12,
              "paddingBottom": 3,
              "paddingTop": 3,
            },
            Array [
              Object {
                "backgroundColor": "#4d86f7",
                "borderRadius": 10,
                "padding": 5,
                "position": "absolute",
                "right": -5,
                "top": -75,
              },
            ],
          ]
        }
      >
        <Text
          accessible={true}
          allowFontScaling={true}
          disabled={false}
          ellipsizeMode="tail"
          style={
            Array [
              Object {
                "color": "white",
                "fontSize": 14,
              },
              Object {
                "color": "#e1e8ee",
              },
            ]
          }
        >
          24k
        </Text>
      </View>
    </View>
  </View>
  <View
    style={
      Object {
        "flex": 1,
        "paddingLeft": 10,
      }
    }
  >
    <Text
      accessible={true}
      allowFontScaling={true}
      disabled={false}
      ellipsizeMode="tail"
    >
      <Text
        accessible={true}
        allowFontScaling={true}
        disabled={false}
        ellipsizeMode="tail"
        style={
          Object {
            "fontWeight": "bold",
          }
        }
      >
        Username: 
      </Text>
      paulirish
    </Text>
    <Text
      accessible={true}
      allowFontScaling={true}
      disabled={false}
      ellipsizeMode="tail"
    >
      <Text
        accessible={true}
        allowFontScaling={true}
        disabled={false}
        ellipsizeMode="tail"
        style={
          Object {
            "fontWeight": "bold",
          }
        }
      >
        Name: 
      </Text>
      Paul Irish
    </Text>
    <Text
      accessible={true}
      allowFontScaling={true}
      disabled={false}
      ellipsizeMode="tail"
    >
      <Text
        accessible={true}
        allowFontScaling={true}
        disabled={false}
        ellipsizeMode="tail"
        style={
          Object {
            "fontWeight": "bold",
          }
        }
      >
        Joined: 
      </Text>
      2008-12-09
    </Text>
    <Text
      accessible={true}
      allowFontScaling={true}
      disabled={false}
      ellipsizeMode="tail"
    >
      <Text
        accessible={true}
        allowFontScaling={true}
        disabled={false}
        ellipsizeMode="tail"
        style={
          Object {
            "fontWeight": "bold",
          }
        }
      >
        Bio: 
      </Text>
    </Text>
  </View>
</View>
`;
